{
  "exclude": {
    "files": null,
    "lines": null
  },
  "generated_at": "2024-04-25T13:15:08Z",
  "plugins_used": [
    {
      "name": "AWSKeyDetector"
    },
    {
      "name": "ArtifactoryDetector"
    },
    {
      "name": "AzureStorageKeyDetector"
    },
    {
      "base64_limit": 4.5,
      "name": "Base64HighEntropyString"
    },
    {
      "name": "BasicAuthDetector"
    },
    {
      "name": "BoxDetector"
    },
    {
      "name": "CloudantDetector"
    },
    {
      "ghe_instance": "github.ibm.com",
      "name": "GheDetector"
    },
    {
      "name": "GitHubTokenDetector"
    },
    {
      "hex_limit": 3,
      "name": "HexHighEntropyString"
    },
    {
      "name": "IbmCloudIamDetector"
    },
    {
      "name": "IbmCosHmacDetector"
    },
    {
      "name": "JwtTokenDetector"
    },
    {
      "keyword_exclude": null,
      "name": "KeywordDetector"
    },
    {
      "name": "MailchimpDetector"
    },
    {
      "name": "NpmDetector"
    },
    {
      "name": "PrivateKeyDetector"
    },
    {
      "name": "SlackDetector"
    },
    {
      "name": "SoftlayerDetector"
    },
    {
      "name": "SquareOAuthDetector"
    },
    {
      "name": "StripeDetector"
    },
    {
      "name": "TwilioKeyDetector"
    }
  ],
  "results": {
    "cybersecurity/scripts/notebook/DiscoveryPipeline-demo.ipynb": [
      {
        "hashed_secret": "67a988e87544685296acf971f1bfcdda7417dbfa",
        "is_secret": false,
        "is_verified": false,
        "line_number": 1000,
        "type": "Hex High Entropy String",
        "verified_result": null
      }
    ],
    "cybersecurity/scripts/notebook/DiscoveryPipeline.ipynb": [
      {
        "hashed_secret": "67a988e87544685296acf971f1bfcdda7417dbfa",
        "is_secret": false,
        "is_verified": false,
        "line_number": 1189,
        "type": "Hex High Entropy String",
        "verified_result": null
      }
    ],
    "docs/README.md": [
      {
        "hashed_secret": "d943dc56e17faa062778f71fdc988c3e68c74e5c",
        "is_secret": false,
        "is_verified": false,
        "line_number": 10,
        "type": "Secret Keyword",
        "verified_result": null
      }
    ],
    "docs/current/install/quick-install-coscheduler.md": [
      {
        "hashed_secret": "b86d3cd48d5f01bda01d3af75f9cb270042a7d10",
        "is_secret": false,
        "is_verified": false,
        "line_number": 29,
        "type": "Hex High Entropy String",
        "verified_result": null
      }
    ],
    "docs/current/install/quick-install-mcad.md": [
      {
        "hashed_secret": "b86d3cd48d5f01bda01d3af75f9cb270042a7d10",
        "is_secret": false,
        "is_verified": false,
        "line_number": 26,
        "type": "Hex High Entropy String",
        "verified_result": null
      }
    ],
    "docs/current/running/torchx.md": [
      {
        "hashed_secret": "01817154a8b53c0a7fddf2d89fddeded4ad5b3f0",
        "is_secret": false,
        "is_verified": false,
        "line_number": 76,
        "type": "Secret Keyword",
        "verified_result": null
      },
      {
        "hashed_secret": "0919e597b0641361809266f80710bee010004673",
        "is_secret": false,
        "is_verified": false,
        "line_number": 142,
        "type": "Secret Keyword",
        "verified_result": null
      }
    ],
    "integrations/mcad/components/README.md": [
      {
        "hashed_secret": "bfe8b6faf81c4427eef102a11e42864650f16689",
        "is_secret": false,
        "is_verified": false,
        "line_number": 4,
        "type": "Hex High Entropy String",
        "verified_result": null
      }
    ],
    "llm/scripts/hap_images/configure_build.sh": [
      {
        "hashed_secret": "535850f35566365fddf9eb01a0d36962c0ffed8c",
        "is_secret": false,
        "is_verified": false,
        "line_number": 30,
        "type": "Secret Keyword",
        "verified_result": null
      }
    ],
    "llm/tests/preprocessing/ray/hap/README.md": [
      {
        "hashed_secret": "6bf7fafbae75f0f0e8f47a40f6b6105cc5565cd6",
        "is_secret": false,
        "is_verified": false,
        "line_number": 18,
        "type": "Secret Keyword",
        "verified_result": null
      }
    ],
    "llm/tests/preprocessing/ray/hap/unit/test_hap_main.py": [
      {
        "hashed_secret": "6816dfd3eec2aea16b3a2c64e0275bd9078335ae",
        "is_secret": false,
        "is_verified": false,
        "line_number": 29,
        "type": "Secret Keyword",
        "verified_result": null
      }
    ],
    "llm/tests/preprocessing/ray/hap/unit/test_s3_utils.py": [
      {
        "hashed_secret": "5d39398733f1eeedc8d178db60b99307ab97413b",
        "is_secret": false,
        "is_verified": false,
        "line_number": 50,
        "type": "Hex High Entropy String",
        "verified_result": null
      }
    ],
    "nlp/scripts/architecture/granite/Fine_Tune.ipynb": [
      {
        "hashed_secret": "4706e337823917241c1fd14092fab078a15d28bb",
        "is_secret": false,
        "is_verified": false,
        "line_number": 20,
        "type": "Secret Keyword",
        "verified_result": null
      },
      {
        "hashed_secret": "ce985853887e4825a2c4b180d4aafad88af49bfd",
        "is_secret": false,
        "is_verified": false,
        "line_number": 24,
        "type": "Secret Keyword",
        "verified_result": null
      },
      {
        "hashed_secret": "e3faba3fd4ac84d774cca943a8b8b7d16a03a517",
        "is_secret": false,
        "is_verified": false,
        "line_number": 113,
        "type": "Hex High Entropy String",
        "verified_result": null
      }
    ],
    "nlp/scripts/architecture/granite/generate_example.ipynb": [
      {
        "hashed_secret": "4706e337823917241c1fd14092fab078a15d28bb",
        "is_secret": false,
        "is_verified": false,
        "line_number": 77,
        "type": "Secret Keyword",
        "verified_result": null
      },
      {
        "hashed_secret": "ce985853887e4825a2c4b180d4aafad88af49bfd",
        "is_secret": false,
        "is_verified": false,
        "line_number": 81,
        "type": "Secret Keyword",
        "verified_result": null
      }
    ],
    "nlp/scripts/architecture/granite/push.ipynb": [
      {
        "hashed_secret": "550bc272f596bc54eca696444dc27a95708e20b0",
        "is_secret": false,
        "is_verified": false,
        "line_number": 43,
        "type": "Secret Keyword",
        "verified_result": null
      },
      {
        "hashed_secret": "4706e337823917241c1fd14092fab078a15d28bb",
        "is_secret": false,
        "is_verified": false,
        "line_number": 49,
        "type": "Secret Keyword",
        "verified_result": null
      },
      {
        "hashed_secret": "ce985853887e4825a2c4b180d4aafad88af49bfd",
        "is_secret": false,
        "is_verified": false,
        "line_number": 53,
        "type": "Secret Keyword",
        "verified_result": null
      }
    ],
    "nlp/scripts/architecture/roberta/HuggingFace-equivalence-test.ipynb": [
      {
        "hashed_secret": "77ab9e53ffb34e3fb6fbe2b7d1d9c5d40dbcd6ba",
        "is_secret": false,
        "is_verified": false,
        "line_number": 1393,
        "type": "Hex High Entropy String",
        "verified_result": null
      }
    ],
    "nlp/scripts/architecture/sandstone/HuggingFace-equivalence-test.ipynb": [
      {
        "hashed_secret": "67a988e87544685296acf971f1bfcdda7417dbfa",
        "is_secret": false,
        "is_verified": false,
        "line_number": 815,
        "type": "Hex High Entropy String",
        "verified_result": null
      }
    ],
    "nlp/scripts/finetuning/fine-tuned/_imdb_finetune.ipynb": [
      {
        "hashed_secret": "458170f42a8a31fe1a699d88e0fd2c2562b9a3e0",
        "is_secret": false,
        "is_verified": false,
        "line_number": 170,
        "type": "Hex High Entropy String",
        "verified_result": null
      },
      {
        "hashed_secret": "84f3fd1994985f4ca2e383205bd101382f101ff1",
        "is_secret": false,
        "is_verified": false,
        "line_number": 386,
        "type": "Hex High Entropy String",
        "verified_result": null
      }
    ],
    "nlp/scripts/finetuning/fine-tuned/_squad_finetune.ipynb": [
      {
        "hashed_secret": "eb500ffbdc7bb322ec86c507ca47db78a82a315c",
        "is_secret": false,
        "is_verified": false,
        "line_number": 182,
        "type": "Hex High Entropy String",
        "verified_result": null
      }
    ],
    "nlp/scripts/finetuning/fine-tuned/_swag_finetune.ipynb": [
      {
        "hashed_secret": "a4a6dbb2bb99da0a3ec14af538c76d2c6c307df4",
        "is_secret": false,
        "is_verified": false,
        "line_number": 175,
        "type": "Hex High Entropy String",
        "verified_result": null
      },
      {
        "hashed_secret": "b33d2d529f8d13852c2885632bbb848b6d988fe5",
        "is_secret": false,
        "is_verified": false,
        "line_number": 1210,
        "type": "Hex High Entropy String",
        "verified_result": null
      }
    ],
    "nlp/scripts/preprocessing/wiki-tokenizer-preprocessor.ipynb": [
      {
        "hashed_secret": "b33d2d529f8d13852c2885632bbb848b6d988fe5",
        "is_secret": false,
        "is_verified": false,
        "line_number": 488,
        "type": "Hex High Entropy String",
        "verified_result": null
      }
    ],
    "preprocessing/notebooks/spark-on-OCP-cil15.ipynb": [
      {
        "hashed_secret": "8a27041138fe32f15be70dff4aa7c9a2f71fc47b",
        "is_secret": false,
        "is_verified": false,
        "line_number": 505,
        "type": "Secret Keyword",
        "verified_result": null
      },
      {
        "hashed_secret": "74cac212d01c863e09da266d58e933ea9778936b",
        "is_secret": false,
        "is_verified": false,
        "line_number": 1030,
        "type": "Secret Keyword",
        "verified_result": null
      },
      {
        "hashed_secret": "fbf43d98d221a2c173f48cdf24933bbfe1fcdca6",
        "is_secret": false,
        "is_verified": false,
        "line_number": 1393,
        "type": "Secret Keyword",
        "verified_result": null
      },
      {
        "hashed_secret": "3689247a29c54bd956d28fec41206a85fba55ccf",
        "is_secret": false,
        "is_verified": false,
        "line_number": 2073,
        "type": "Hex High Entropy String",
        "verified_result": null
      },
      {
        "hashed_secret": "7cd28f5ed844a845638652f7c277eb77740cd5bc",
        "is_secret": false,
        "is_verified": false,
        "line_number": 2366,
        "type": "Hex High Entropy String",
        "verified_result": null
      },
      {
        "hashed_secret": "c9ab08006bf6842e8898c2f44585c359c645fb0b",
        "is_secret": false,
        "is_verified": false,
        "line_number": 2494,
        "type": "Secret Keyword",
        "verified_result": null
      }
    ],
    "preprocessing/notebooks/spark-on-OCP-self-managed.ipynb": [
      {
        "hashed_secret": "fbf43d98d221a2c173f48cdf24933bbfe1fcdca6",
        "is_secret": false,
        "is_verified": false,
        "line_number": 1010,
        "type": "Secret Keyword",
        "verified_result": null
      },
      {
        "hashed_secret": "74cac212d01c863e09da266d58e933ea9778936b",
        "is_secret": false,
        "is_verified": false,
        "line_number": 1130,
        "type": "Secret Keyword",
        "verified_result": null
      },
      {
        "hashed_secret": "3689247a29c54bd956d28fec41206a85fba55ccf",
        "is_secret": false,
        "is_verified": false,
        "line_number": 1934,
        "type": "Hex High Entropy String",
        "verified_result": null
      },
      {
        "hashed_secret": "7cd28f5ed844a845638652f7c277eb77740cd5bc",
        "is_secret": false,
        "is_verified": false,
        "line_number": 2227,
        "type": "Hex High Entropy String",
        "verified_result": null
      },
      {
        "hashed_secret": "c9ab08006bf6842e8898c2f44585c359c645fb0b",
        "is_secret": false,
        "is_verified": false,
        "line_number": 2355,
        "type": "Secret Keyword",
        "verified_result": null
      }
    ],
    "preprocessing/notebooks/spark_cos.ipynb": [
      {
        "hashed_secret": "94d3ffbab93ff68ad5f0a9f5488b6f814cc93e4d",
        "is_secret": false,
        "is_verified": false,
        "line_number": 155,
        "type": "Secret Keyword",
        "verified_result": null
      }
    ],
    "preprocessing/ray/tokenization/ipynb/Tokenizers-comparison.ipynb": [
      {
        "hashed_secret": "a63e5fc609f012c85a1c2d907928de6672392f1a",
        "is_secret": false,
        "is_verified": false,
        "line_number": 381,
        "type": "Hex High Entropy String",
        "verified_result": null
      },
      {
        "hashed_secret": "bbcec21443a26a70275e586f6041e8a29fae4d20",
        "is_secret": false,
        "is_verified": false,
        "line_number": 381,
        "type": "Hex High Entropy String",
        "verified_result": null
      },
      {
        "hashed_secret": "1f7177c15325a8c454a240216a7140c1cb7509d5",
        "is_secret": false,
        "is_verified": false,
        "line_number": 2152,
        "type": "Base64 High Entropy String",
        "verified_result": null
      },
      {
        "hashed_secret": "df9ba1db00021feec80ad03aa09533aefcd69643",
        "is_secret": false,
        "is_verified": false,
        "line_number": 2162,
        "type": "Base64 High Entropy String",
        "verified_result": null
      },
      {
        "hashed_secret": "e71bc7969371817d0b8288b25431020527f202db",
        "is_secret": false,
        "is_verified": false,
        "line_number": 2172,
        "type": "Base64 High Entropy String",
        "verified_result": null
      },
      {
        "hashed_secret": "132a6668cd5a9f7f0f6bb4b1f19df8c8b68b8197",
        "is_secret": false,
        "is_verified": false,
        "line_number": 2182,
        "type": "Base64 High Entropy String",
        "verified_result": null
      },
      {
        "hashed_secret": "dbcdcd3d1930a099194f248ab9633b7229722aad",
        "is_secret": false,
        "is_verified": false,
        "line_number": 2192,
        "type": "Base64 High Entropy String",
        "verified_result": null
      },
      {
        "hashed_secret": "b5cfdc1ced29c3d187e1e02b3c496e60691d0797",
        "is_secret": false,
        "is_verified": false,
        "line_number": 2202,
        "type": "Base64 High Entropy String",
        "verified_result": null
      },
      {
        "hashed_secret": "b9f7e4c10945f0c6467acfb38845678d3c0029e6",
        "is_secret": false,
        "is_verified": false,
        "line_number": 2228,
        "type": "Base64 High Entropy String",
        "verified_result": null
      },
      {
        "hashed_secret": "154b49397e3cf27bb8faea85cb7b46b2b3f649a8",
        "is_secret": false,
        "is_verified": false,
        "line_number": 2238,
        "type": "Base64 High Entropy String",
        "verified_result": null
      },
      {
        "hashed_secret": "ec361fc179351dd07be1df2387dd4c45faf91516",
        "is_secret": false,
        "is_verified": false,
        "line_number": 2248,
        "type": "Base64 High Entropy String",
        "verified_result": null
      },
      {
        "hashed_secret": "8e56841322adc5edc4f64e9e69b75f1a0a6dbc76",
        "is_secret": false,
        "is_verified": false,
        "line_number": 2258,
        "type": "Base64 High Entropy String",
        "verified_result": null
      },
      {
        "hashed_secret": "9474e909a5eaa94de3cb6fbf52bea9de7cb926d1",
        "is_secret": false,
        "is_verified": false,
        "line_number": 2268,
        "type": "Base64 High Entropy String",
        "verified_result": null
      },
      {
        "hashed_secret": "6b34241ea85220d42ca365715d53ba09a6cf2094",
        "is_secret": false,
        "is_verified": false,
        "line_number": 2278,
        "type": "Base64 High Entropy String",
        "verified_result": null
      },
      {
        "hashed_secret": "83a98a73faeaa4fc3593ab1725107b55241a03aa",
        "is_secret": false,
        "is_verified": false,
        "line_number": 2288,
        "type": "Base64 High Entropy String",
        "verified_result": null
      },
      {
        "hashed_secret": "def6c8551c2c59241040cb9ae3d69f505b8c2ab6",
        "is_secret": false,
        "is_verified": false,
        "line_number": 2419,
        "type": "Base64 High Entropy String",
        "verified_result": null
      },
      {
        "hashed_secret": "e241b9c26714ae81f803a0a1166cac1a00ce11c0",
        "is_secret": false,
        "is_verified": false,
        "line_number": 2465,
        "type": "Base64 High Entropy String",
        "verified_result": null
      },
      {
        "hashed_secret": "9d31beef7a4449093bbc808b7d92ec782ae243fb",
        "is_secret": false,
        "is_verified": false,
        "line_number": 2540,
        "type": "Base64 High Entropy String",
        "verified_result": null
      }
    ],
    "preprocessing/ray/tokenization/scripts/sh/copy_Draco_2MAC.sh": [
      {
        "hashed_secret": "bf9fb96f083bcb62aac5573956cdddaadf242173",
        "is_secret": false,
        "is_verified": false,
        "line_number": 16,
        "type": "Base64 High Entropy String",
        "verified_result": null
      },
      {
        "hashed_secret": "f2820e0676c14e504232f5b06a2adfe012f74864",
        "is_secret": false,
        "is_verified": false,
        "line_number": 17,
        "type": "Base64 High Entropy String",
        "verified_result": null
      }
    ],
    "preprocessing/ray/tokenizer/pretrained_tokenizers/tokens_100k/tokenizer.json": [
      {
        "hashed_secret": "924c34be7486f527d5df6905c607c77f2ab2d168",
        "is_secret": false,
        "is_verified": false,
        "line_number": 4608,
        "type": "Secret Keyword",
        "verified_result": null
      },
      {
        "hashed_secret": "3ebe348b2808975263053fa70963a98a33499a05",
        "is_secret": false,
        "is_verified": false,
        "line_number": 5025,
        "type": "Secret Keyword",
        "verified_result": null
      },
      {
        "hashed_secret": "7342cd735bd6f2b8ba36b4be135f4350de506065",
        "is_secret": false,
        "is_verified": false,
        "line_number": 5775,
        "type": "Secret Keyword",
        "verified_result": null
      },
      {
        "hashed_secret": "d6f3ecfa0ea7656437984118bdc111b3a8fc6181",
        "is_secret": false,
        "is_verified": false,
        "line_number": 6101,
        "type": "Secret Keyword",
        "verified_result": null
      },
      {
        "hashed_secret": "2f3f5dc1501fd0e19ea34d2446aa368c22096ea7",
        "is_secret": false,
        "is_verified": false,
        "line_number": 6544,
        "type": "Secret Keyword",
        "verified_result": null
      },
      {
        "hashed_secret": "8ed8ca9d60804d271880c703c05b4596480afffc",
        "is_secret": false,
        "is_verified": false,
        "line_number": 14548,
        "type": "Secret Keyword",
        "verified_result": null
      },
      {
        "hashed_secret": "44c787a3da9cead932cef3186f18d883a9701999",
        "is_secret": false,
        "is_verified": false,
        "line_number": 14599,
        "type": "Secret Keyword",
        "verified_result": null
      },
      {
        "hashed_secret": "2f7f95a13c2a4bce83bc5339bf241ed383ac972a",
        "is_secret": false,
        "is_verified": false,
        "line_number": 17175,
        "type": "Secret Keyword",
        "verified_result": null
      },
      {
        "hashed_secret": "932246292fefc74ccfd5879e67872f990bb7fccf",
        "is_secret": false,
        "is_verified": false,
        "line_number": 18628,
        "type": "Secret Keyword",
        "verified_result": null
      },
      {
        "hashed_secret": "963842f6ff0ae4e853a1c09e3d20ae960c66523e",
        "is_secret": false,
        "is_verified": false,
        "line_number": 19112,
        "type": "Secret Keyword",
        "verified_result": null
      },
      {
        "hashed_secret": "aee154eebdc0181ce7c55982f71aa490c6cb3f96",
        "is_secret": false,
        "is_verified": false,
        "line_number": 20071,
        "type": "Secret Keyword",
        "verified_result": null
      },
      {
        "hashed_secret": "6486e0366c846c072ae18cff5be7cd98f75e8558",
        "is_secret": false,
        "is_verified": false,
        "line_number": 21625,
        "type": "Secret Keyword",
        "verified_result": null
      },
      {
        "hashed_secret": "8ca71e177e91d4d3c1e94391f8f48c0c2340dda8",
        "is_secret": false,
        "is_verified": false,
        "line_number": 21748,
        "type": "Secret Keyword",
        "verified_result": null
      },
      {
        "hashed_secret": "1b2ce9e8731cde642b6b9912ca98244c321ec5a3",
        "is_secret": false,
        "is_verified": false,
        "line_number": 23150,
        "type": "Secret Keyword",
        "verified_result": null
      },
      {
        "hashed_secret": "fbcad6b61f21ae19bff735ae5c8486befff5d7f0",
        "is_secret": false,
        "is_verified": false,
        "line_number": 27030,
        "type": "Secret Keyword",
        "verified_result": null
      },
      {
        "hashed_secret": "dd44c7b1d97925e313316c387f4aeddb9dea5935",
        "is_secret": false,
        "is_verified": false,
        "line_number": 28213,
        "type": "Secret Keyword",
        "verified_result": null
      },
      {
        "hashed_secret": "d6ae6597e85738ff17ec17f929e07174a5689263",
        "is_secret": false,
        "is_verified": false,
        "line_number": 28341,
        "type": "Secret Keyword",
        "verified_result": null
      },
      {
        "hashed_secret": "600dd63557bbca3d646f49810dad317118a1ac71",
        "is_secret": false,
        "is_verified": false,
        "line_number": 33162,
        "type": "Secret Keyword",
        "verified_result": null
      },
      {
        "hashed_secret": "e2967453c4f407a18843e96450036d8deadf041c",
        "is_secret": false,
        "is_verified": false,
        "line_number": 40695,
        "type": "Secret Keyword",
        "verified_result": null
      },
      {
        "hashed_secret": "f1a1eb69442663022deaf88b606fe8616b153eaf",
        "is_secret": false,
        "is_verified": false,
        "line_number": 53803,
        "type": "Secret Keyword",
        "verified_result": null
      },
      {
        "hashed_secret": "58c4637995b72b86e76c0df2ade8bd3d8de25a01",
        "is_secret": false,
        "is_verified": false,
        "line_number": 59682,
        "type": "Secret Keyword",
        "verified_result": null
      },
      {
        "hashed_secret": "7eddf008afe7f2652fa60a46a8ea3100774c240e",
        "is_secret": false,
        "is_verified": false,
        "line_number": 60915,
        "type": "Secret Keyword",
        "verified_result": null
      },
      {
        "hashed_secret": "47b42f4215c44b0c09b35c0a5f0e4a07b1e8b942",
        "is_secret": false,
        "is_verified": false,
        "line_number": 65408,
        "type": "Secret Keyword",
        "verified_result": null
      },
      {
        "hashed_secret": "62b81f36a7d34346aa03ead176c42fc9e13d1ae4",
        "is_secret": false,
        "is_verified": false,
        "line_number": 74344,
        "type": "Secret Keyword",
        "verified_result": null
      },
      {
        "hashed_secret": "2c21aa9525a790cb5dd6a9c1863294bdb2d20d39",
        "is_secret": false,
        "is_verified": false,
        "line_number": 76238,
        "type": "Secret Keyword",
        "verified_result": null
      },
      {
        "hashed_secret": "e8c68903073e825c949ef7ec124e7105e7a6fe7f",
        "is_secret": false,
        "is_verified": false,
        "line_number": 79263,
        "type": "Secret Keyword",
        "verified_result": null
      },
      {
        "hashed_secret": "9a2625320d6bab5d6fd3bebb9d26f204adec2be6",
        "is_secret": false,
        "is_verified": false,
        "line_number": 79761,
        "type": "Secret Keyword",
        "verified_result": null
      },
      {
        "hashed_secret": "e23764221c3b1ff6a94d2e3076a1e96416061067",
        "is_secret": false,
        "is_verified": false,
        "line_number": 81207,
        "type": "Secret Keyword",
        "verified_result": null
      },
      {
        "hashed_secret": "d81ef02506c5c24d26870dea876babf3b79d01eb",
        "is_secret": false,
        "is_verified": false,
        "line_number": 81217,
        "type": "Secret Keyword",
        "verified_result": null
      },
      {
        "hashed_secret": "7bd1c5e0060a2b72687262b57b717ac4688eb971",
        "is_secret": false,
        "is_verified": false,
        "line_number": 81870,
        "type": "Secret Keyword",
        "verified_result": null
      }
    ],
    "preprocessing/ray/tokenizer/pretrained_tokenizers/tokens_100k/vocab.json": [
      {
        "hashed_secret": "924c34be7486f527d5df6905c607c77f2ab2d168",
        "is_secret": false,
        "is_verified": false,
        "line_number": 4567,
        "type": "Secret Keyword",
        "verified_result": null
      },
      {
        "hashed_secret": "3ebe348b2808975263053fa70963a98a33499a05",
        "is_secret": false,
        "is_verified": false,
        "line_number": 4984,
        "type": "Secret Keyword",
        "verified_result": null
      },
      {
        "hashed_secret": "7342cd735bd6f2b8ba36b4be135f4350de506065",
        "is_secret": false,
        "is_verified": false,
        "line_number": 5734,
        "type": "Secret Keyword",
        "verified_result": null
      },
      {
        "hashed_secret": "d6f3ecfa0ea7656437984118bdc111b3a8fc6181",
        "is_secret": false,
        "is_verified": false,
        "line_number": 6060,
        "type": "Secret Keyword",
        "verified_result": null
      },
      {
        "hashed_secret": "2f3f5dc1501fd0e19ea34d2446aa368c22096ea7",
        "is_secret": false,
        "is_verified": false,
        "line_number": 6503,
        "type": "Secret Keyword",
        "verified_result": null
      },
      {
        "hashed_secret": "8ed8ca9d60804d271880c703c05b4596480afffc",
        "is_secret": false,
        "is_verified": false,
        "line_number": 14507,
        "type": "Secret Keyword",
        "verified_result": null
      },
      {
        "hashed_secret": "44c787a3da9cead932cef3186f18d883a9701999",
        "is_secret": false,
        "is_verified": false,
        "line_number": 14558,
        "type": "Secret Keyword",
        "verified_result": null
      },
      {
        "hashed_secret": "2f7f95a13c2a4bce83bc5339bf241ed383ac972a",
        "is_secret": false,
        "is_verified": false,
        "line_number": 17134,
        "type": "Secret Keyword",
        "verified_result": null
      },
      {
        "hashed_secret": "932246292fefc74ccfd5879e67872f990bb7fccf",
        "is_secret": false,
        "is_verified": false,
        "line_number": 18587,
        "type": "Secret Keyword",
        "verified_result": null
      },
      {
        "hashed_secret": "963842f6ff0ae4e853a1c09e3d20ae960c66523e",
        "is_secret": false,
        "is_verified": false,
        "line_number": 19071,
        "type": "Secret Keyword",
        "verified_result": null
      },
      {
        "hashed_secret": "aee154eebdc0181ce7c55982f71aa490c6cb3f96",
        "is_secret": false,
        "is_verified": false,
        "line_number": 20030,
        "type": "Secret Keyword",
        "verified_result": null
      },
      {
        "hashed_secret": "6486e0366c846c072ae18cff5be7cd98f75e8558",
        "is_secret": false,
        "is_verified": false,
        "line_number": 21584,
        "type": "Secret Keyword",
        "verified_result": null
      },
      {
        "hashed_secret": "8ca71e177e91d4d3c1e94391f8f48c0c2340dda8",
        "is_secret": false,
        "is_verified": false,
        "line_number": 21707,
        "type": "Secret Keyword",
        "verified_result": null
      },
      {
        "hashed_secret": "1b2ce9e8731cde642b6b9912ca98244c321ec5a3",
        "is_secret": false,
        "is_verified": false,
        "line_number": 23109,
        "type": "Secret Keyword",
        "verified_result": null
      },
      {
        "hashed_secret": "fbcad6b61f21ae19bff735ae5c8486befff5d7f0",
        "is_secret": false,
        "is_verified": false,
        "line_number": 26989,
        "type": "Secret Keyword",
        "verified_result": null
      },
      {
        "hashed_secret": "dd44c7b1d97925e313316c387f4aeddb9dea5935",
        "is_secret": false,
        "is_verified": false,
        "line_number": 28172,
        "type": "Secret Keyword",
        "verified_result": null
      },
      {
        "hashed_secret": "d6ae6597e85738ff17ec17f929e07174a5689263",
        "is_secret": false,
        "is_verified": false,
        "line_number": 28300,
        "type": "Secret Keyword",
        "verified_result": null
      },
      {
        "hashed_secret": "600dd63557bbca3d646f49810dad317118a1ac71",
        "is_secret": false,
        "is_verified": false,
        "line_number": 33121,
        "type": "Secret Keyword",
        "verified_result": null
      },
      {
        "hashed_secret": "e2967453c4f407a18843e96450036d8deadf041c",
        "is_secret": false,
        "is_verified": false,
        "line_number": 40654,
        "type": "Secret Keyword",
        "verified_result": null
      },
      {
        "hashed_secret": "f1a1eb69442663022deaf88b606fe8616b153eaf",
        "is_secret": false,
        "is_verified": false,
        "line_number": 53762,
        "type": "Secret Keyword",
        "verified_result": null
      },
      {
        "hashed_secret": "58c4637995b72b86e76c0df2ade8bd3d8de25a01",
        "is_secret": false,
        "is_verified": false,
        "line_number": 59641,
        "type": "Secret Keyword",
        "verified_result": null
      },
      {
        "hashed_secret": "7eddf008afe7f2652fa60a46a8ea3100774c240e",
        "is_secret": false,
        "is_verified": false,
        "line_number": 60874,
        "type": "Secret Keyword",
        "verified_result": null
      },
      {
        "hashed_secret": "47b42f4215c44b0c09b35c0a5f0e4a07b1e8b942",
        "is_secret": false,
        "is_verified": false,
        "line_number": 65367,
        "type": "Secret Keyword",
        "verified_result": null
      },
      {
        "hashed_secret": "62b81f36a7d34346aa03ead176c42fc9e13d1ae4",
        "is_secret": false,
        "is_verified": false,
        "line_number": 74303,
        "type": "Secret Keyword",
        "verified_result": null
      },
      {
        "hashed_secret": "2c21aa9525a790cb5dd6a9c1863294bdb2d20d39",
        "is_secret": false,
        "is_verified": false,
        "line_number": 76197,
        "type": "Secret Keyword",
        "verified_result": null
      },
      {
        "hashed_secret": "e8c68903073e825c949ef7ec124e7105e7a6fe7f",
        "is_secret": false,
        "is_verified": false,
        "line_number": 79222,
        "type": "Secret Keyword",
        "verified_result": null
      },
      {
        "hashed_secret": "9a2625320d6bab5d6fd3bebb9d26f204adec2be6",
        "is_secret": false,
        "is_verified": false,
        "line_number": 79720,
        "type": "Secret Keyword",
        "verified_result": null
      },
      {
        "hashed_secret": "e23764221c3b1ff6a94d2e3076a1e96416061067",
        "is_secret": false,
        "is_verified": false,
        "line_number": 81166,
        "type": "Secret Keyword",
        "verified_result": null
      },
      {
        "hashed_secret": "d81ef02506c5c24d26870dea876babf3b79d01eb",
        "is_secret": false,
        "is_verified": false,
        "line_number": 81176,
        "type": "Secret Keyword",
        "verified_result": null
      },
      {
        "hashed_secret": "7bd1c5e0060a2b72687262b57b717ac4688eb971",
        "is_secret": false,
        "is_verified": false,
        "line_number": 81829,
        "type": "Secret Keyword",
        "verified_result": null
      }
    ],
    "preprocessing/ray/tokenizer/pretrained_tokenizers/tokens_252k/tokenizer.json": [
      {
        "hashed_secret": "fe5becce116ffbdc5e6c9b1e0730dbfc475b8d10",
        "is_secret": false,
        "is_verified": false,
        "line_number": 2128,
        "type": "Secret Keyword",
        "verified_result": null
      },
      {
        "hashed_secret": "47d8edf75dba18073e1614e74c322351b8f35925",
        "is_secret": false,
        "is_verified": false,
        "line_number": 3743,
        "type": "Secret Keyword",
        "verified_result": null
      },
      {
        "hashed_secret": "17eb1e36ae37357984b2c4783f9dfcb46f36f7dc",
        "is_secret": false,
        "is_verified": false,
        "line_number": 4569,
        "type": "Secret Keyword",
        "verified_result": null
      },
      {
        "hashed_secret": "932804c40f36ad11cfdb71c87da53a6db492591d",
        "is_secret": false,
        "is_verified": false,
        "line_number": 9069,
        "type": "Secret Keyword",
        "verified_result": null
      },
      {
        "hashed_secret": "93ad06921455d84d449564c6ac301cf14343e908",
        "is_secret": false,
        "is_verified": false,
        "line_number": 9895,
        "type": "Secret Keyword",
        "verified_result": null
      },
      {
        "hashed_secret": "46c55b03e9cdfbdac56bff7f58c81d212dc48e59",
        "is_secret": false,
        "is_verified": false,
        "line_number": 11575,
        "type": "Secret Keyword",
        "verified_result": null
      },
      {
        "hashed_secret": "e5d72590b90bdebd336678ad1c3e2c5d80883e22",
        "is_secret": false,
        "is_verified": false,
        "line_number": 12954,
        "type": "Secret Keyword",
        "verified_result": null
      },
      {
        "hashed_secret": "2556ebd9387f6a4204cae240f164511aef7de217",
        "is_secret": false,
        "is_verified": false,
        "line_number": 27543,
        "type": "Secret Keyword",
        "verified_result": null
      },
      {
        "hashed_secret": "6e334875a25b70238d22816a6cfcd7f29d7f8586",
        "is_secret": false,
        "is_verified": false,
        "line_number": 33745,
        "type": "Secret Keyword",
        "verified_result": null
      },
      {
        "hashed_secret": "743c7171bf42adc2f852c2122c3391cf79501de0",
        "is_secret": false,
        "is_verified": false,
        "line_number": 36067,
        "type": "Secret Keyword",
        "verified_result": null
      },
      {
        "hashed_secret": "657b39e06b6fbfe0422974a0103e4924fe0b32e3",
        "is_secret": false,
        "is_verified": false,
        "line_number": 37797,
        "type": "Secret Keyword",
        "verified_result": null
      },
      {
        "hashed_secret": "a77371b6005b364c85a7cdf55e34409c12ef0803",
        "is_secret": false,
        "is_verified": false,
        "line_number": 43180,
        "type": "Secret Keyword",
        "verified_result": null
      },
      {
        "hashed_secret": "e53e358237632deb5bfbfac991d59916fb07abad",
        "is_secret": false,
        "is_verified": false,
        "line_number": 43337,
        "type": "Secret Keyword",
        "verified_result": null
      },
      {
        "hashed_secret": "1216c955a3ca4e9206f67242e38c54af67ab7938",
        "is_secret": false,
        "is_verified": false,
        "line_number": 47097,
        "type": "Secret Keyword",
        "verified_result": null
      },
      {
        "hashed_secret": "b050944bad4aeba39accbf1e66a68cb6b10e5787",
        "is_secret": false,
        "is_verified": false,
        "line_number": 51509,
        "type": "Secret Keyword",
        "verified_result": null
      },
      {
        "hashed_secret": "917416719475a7fc6cc3da0da268add967a9b7ab",
        "is_secret": false,
        "is_verified": false,
        "line_number": 60199,
        "type": "Secret Keyword",
        "verified_result": null
      },
      {
        "hashed_secret": "6cadfb3bfeccfd8f815b6bf87d297ff5e879e95d",
        "is_secret": false,
        "is_verified": false,
        "line_number": 62912,
        "type": "Secret Keyword",
        "verified_result": null
      },
      {
        "hashed_secret": "dbeae2dae15cb5cef0018b7165a6f7885618ebc6",
        "is_secret": false,
        "is_verified": false,
        "line_number": 72165,
        "type": "Secret Keyword",
        "verified_result": null
      },
      {
        "hashed_secret": "0dbf8e337f72a59939c88cab9187cf27252a64b5",
        "is_secret": false,
        "is_verified": false,
        "line_number": 74483,
        "type": "Secret Keyword",
        "verified_result": null
      },
      {
        "hashed_secret": "a0aabd300360a68db05439539ca90e4985af8fee",
        "is_secret": false,
        "is_verified": false,
        "line_number": 78037,
        "type": "Secret Keyword",
        "verified_result": null
      },
      {
        "hashed_secret": "f2334023b0323b478c09e39b1f293a5d0a8d3b65",
        "is_secret": false,
        "is_verified": false,
        "line_number": 84093,
        "type": "Secret Keyword",
        "verified_result": null
      },
      {
        "hashed_secret": "67a2096d75bb3e93e4dd5795652a7d73a76c3ba1",
        "is_secret": false,
        "is_verified": false,
        "line_number": 85534,
        "type": "Secret Keyword",
        "verified_result": null
      },
      {
        "hashed_secret": "882e4742b215077286936129585d5284b9664a38",
        "is_secret": false,
        "is_verified": false,
        "line_number": 86214,
        "type": "Secret Keyword",
        "verified_result": null
      },
      {
        "hashed_secret": "6cf9dda72f16335fe182333e39481ecef68f7c44",
        "is_secret": false,
        "is_verified": false,
        "line_number": 88148,
        "type": "Secret Keyword",
        "verified_result": null
      },
      {
        "hashed_secret": "11bc875955b79696da587217133162c13a265308",
        "is_secret": false,
        "is_verified": false,
        "line_number": 90496,
        "type": "Secret Keyword",
        "verified_result": null
      },
      {
        "hashed_secret": "e4f84c010a2d35e1f949a2aa76f67e4fe95af64d",
        "is_secret": false,
        "is_verified": false,
        "line_number": 95758,
        "type": "Secret Keyword",
        "verified_result": null
      },
      {
        "hashed_secret": "73a228262288da593c500ed2578d1c009a4076b3",
        "is_secret": false,
        "is_verified": false,
        "line_number": 103805,
        "type": "Secret Keyword",
        "verified_result": null
      },
      {
        "hashed_secret": "70a818e077c67519b94363c172605fd21b082339",
        "is_secret": false,
        "is_verified": false,
        "line_number": 106729,
        "type": "Secret Keyword",
        "verified_result": null
      },
      {
        "hashed_secret": "51e2152c281bf42624672985d7644184a7e2eabc",
        "is_secret": false,
        "is_verified": false,
        "line_number": 107111,
        "type": "Secret Keyword",
        "verified_result": null
      },
      {
        "hashed_secret": "e01e0f0a49436a8879feafc0886065e6c2161446",
        "is_secret": false,
        "is_verified": false,
        "line_number": 108734,
        "type": "Secret Keyword",
        "verified_result": null
      },
      {
        "hashed_secret": "58007f66fe40453c78ae4e88a3605c9551948a8e",
        "is_secret": false,
        "is_verified": false,
        "line_number": 111894,
        "type": "Secret Keyword",
        "verified_result": null
      },
      {
        "hashed_secret": "d0293a64575f6ae02e193ce8404f6e7392dfdaa5",
        "is_secret": false,
        "is_verified": false,
        "line_number": 119313,
        "type": "Secret Keyword",
        "verified_result": null
      },
      {
        "hashed_secret": "67c7f94652bd3144128aab71af00d155b7a42652",
        "is_secret": false,
        "is_verified": false,
        "line_number": 123288,
        "type": "Secret Keyword",
        "verified_result": null
      },
      {
        "hashed_secret": "8b48b9c4dd05bac7d99bd9e7cd34b33769829b42",
        "is_secret": false,
        "is_verified": false,
        "line_number": 135977,
        "type": "Secret Keyword",
        "verified_result": null
      },
      {
        "hashed_secret": "e7f5376756f51c5f4e099dd6d111baaa22841509",
        "is_secret": false,
        "is_verified": false,
        "line_number": 143403,
        "type": "Secret Keyword",
        "verified_result": null
      },
      {
        "hashed_secret": "a973cdfca14f85c646f6f246f80eee602256cfed",
        "is_secret": false,
        "is_verified": false,
        "line_number": 168710,
        "type": "Secret Keyword",
        "verified_result": null
      },
      {
        "hashed_secret": "9d8244ba671b69b9eab6e85aa07dad430d472821",
        "is_secret": false,
        "is_verified": false,
        "line_number": 169740,
        "type": "Secret Keyword",
        "verified_result": null
      },
      {
        "hashed_secret": "c9608fb97d85f1f278c4c54423b98b6e04ad9375",
        "is_secret": false,
        "is_verified": false,
        "line_number": 170336,
        "type": "Secret Keyword",
        "verified_result": null
      },
      {
        "hashed_secret": "f4d1eb0a9338e59ce7d5f7221c8cdad899df299f",
        "is_secret": false,
        "is_verified": false,
        "line_number": 171835,
        "type": "Secret Keyword",
        "verified_result": null
      },
      {
        "hashed_secret": "25ef4cb5aa3ee16a8f2180f7e12a3e33054996f1",
        "is_secret": false,
        "is_verified": false,
        "line_number": 176118,
        "type": "Secret Keyword",
        "verified_result": null
      },
      {
        "hashed_secret": "e9ab41aeaf36bae4e8aebe6b08b8612dd92c5eea",
        "is_secret": false,
        "is_verified": false,
        "line_number": 196628,
        "type": "Secret Keyword",
        "verified_result": null
      },
      {
        "hashed_secret": "ce9f928f8f65b76b6b7e95742e60c6c5bad0876a",
        "is_secret": false,
        "is_verified": false,
        "line_number": 235905,
        "type": "Secret Keyword",
        "verified_result": null
      },
      {
        "hashed_secret": "fffea3ea78ae62d04aae1b9e67793102a65cd403",
        "is_secret": false,
        "is_verified": false,
        "line_number": 248281,
        "type": "Secret Keyword",
        "verified_result": null
      }
    ],
    "preprocessing/ray/tokenizer/pretrained_tokenizers/tokens_252k/vocab.json": [
      {
        "hashed_secret": "fe5becce116ffbdc5e6c9b1e0730dbfc475b8d10",
        "is_secret": false,
        "is_verified": false,
        "line_number": 2087,
        "type": "Secret Keyword",
        "verified_result": null
      },
      {
        "hashed_secret": "47d8edf75dba18073e1614e74c322351b8f35925",
        "is_secret": false,
        "is_verified": false,
        "line_number": 3702,
        "type": "Secret Keyword",
        "verified_result": null
      },
      {
        "hashed_secret": "17eb1e36ae37357984b2c4783f9dfcb46f36f7dc",
        "is_secret": false,
        "is_verified": false,
        "line_number": 4528,
        "type": "Secret Keyword",
        "verified_result": null
      },
      {
        "hashed_secret": "932804c40f36ad11cfdb71c87da53a6db492591d",
        "is_secret": false,
        "is_verified": false,
        "line_number": 9028,
        "type": "Secret Keyword",
        "verified_result": null
      },
      {
        "hashed_secret": "93ad06921455d84d449564c6ac301cf14343e908",
        "is_secret": false,
        "is_verified": false,
        "line_number": 9854,
        "type": "Secret Keyword",
        "verified_result": null
      },
      {
        "hashed_secret": "46c55b03e9cdfbdac56bff7f58c81d212dc48e59",
        "is_secret": false,
        "is_verified": false,
        "line_number": 11534,
        "type": "Secret Keyword",
        "verified_result": null
      },
      {
        "hashed_secret": "e5d72590b90bdebd336678ad1c3e2c5d80883e22",
        "is_secret": false,
        "is_verified": false,
        "line_number": 12913,
        "type": "Secret Keyword",
        "verified_result": null
      },
      {
        "hashed_secret": "2556ebd9387f6a4204cae240f164511aef7de217",
        "is_secret": false,
        "is_verified": false,
        "line_number": 27502,
        "type": "Secret Keyword",
        "verified_result": null
      },
      {
        "hashed_secret": "6e334875a25b70238d22816a6cfcd7f29d7f8586",
        "is_secret": false,
        "is_verified": false,
        "line_number": 33704,
        "type": "Secret Keyword",
        "verified_result": null
      },
      {
        "hashed_secret": "743c7171bf42adc2f852c2122c3391cf79501de0",
        "is_secret": false,
        "is_verified": false,
        "line_number": 36026,
        "type": "Secret Keyword",
        "verified_result": null
      },
      {
        "hashed_secret": "657b39e06b6fbfe0422974a0103e4924fe0b32e3",
        "is_secret": false,
        "is_verified": false,
        "line_number": 37756,
        "type": "Secret Keyword",
        "verified_result": null
      },
      {
        "hashed_secret": "a77371b6005b364c85a7cdf55e34409c12ef0803",
        "is_secret": false,
        "is_verified": false,
        "line_number": 43139,
        "type": "Secret Keyword",
        "verified_result": null
      },
      {
        "hashed_secret": "e53e358237632deb5bfbfac991d59916fb07abad",
        "is_secret": false,
        "is_verified": false,
        "line_number": 43296,
        "type": "Secret Keyword",
        "verified_result": null
      },
      {
        "hashed_secret": "1216c955a3ca4e9206f67242e38c54af67ab7938",
        "is_secret": false,
        "is_verified": false,
        "line_number": 47056,
        "type": "Secret Keyword",
        "verified_result": null
      },
      {
        "hashed_secret": "b050944bad4aeba39accbf1e66a68cb6b10e5787",
        "is_secret": false,
        "is_verified": false,
        "line_number": 51468,
        "type": "Secret Keyword",
        "verified_result": null
      },
      {
        "hashed_secret": "917416719475a7fc6cc3da0da268add967a9b7ab",
        "is_secret": false,
        "is_verified": false,
        "line_number": 60158,
        "type": "Secret Keyword",
        "verified_result": null
      },
      {
        "hashed_secret": "6cadfb3bfeccfd8f815b6bf87d297ff5e879e95d",
        "is_secret": false,
        "is_verified": false,
        "line_number": 62871,
        "type": "Secret Keyword",
        "verified_result": null
      },
      {
        "hashed_secret": "dbeae2dae15cb5cef0018b7165a6f7885618ebc6",
        "is_secret": false,
        "is_verified": false,
        "line_number": 72124,
        "type": "Secret Keyword",
        "verified_result": null
      },
      {
        "hashed_secret": "0dbf8e337f72a59939c88cab9187cf27252a64b5",
        "is_secret": false,
        "is_verified": false,
        "line_number": 74442,
        "type": "Secret Keyword",
        "verified_result": null
      },
      {
        "hashed_secret": "a0aabd300360a68db05439539ca90e4985af8fee",
        "is_secret": false,
        "is_verified": false,
        "line_number": 77996,
        "type": "Secret Keyword",
        "verified_result": null
      },
      {
        "hashed_secret": "f2334023b0323b478c09e39b1f293a5d0a8d3b65",
        "is_secret": false,
        "is_verified": false,
        "line_number": 84052,
        "type": "Secret Keyword",
        "verified_result": null
      },
      {
        "hashed_secret": "67a2096d75bb3e93e4dd5795652a7d73a76c3ba1",
        "is_secret": false,
        "is_verified": false,
        "line_number": 85493,
        "type": "Secret Keyword",
        "verified_result": null
      },
      {
        "hashed_secret": "882e4742b215077286936129585d5284b9664a38",
        "is_secret": false,
        "is_verified": false,
        "line_number": 86173,
        "type": "Secret Keyword",
        "verified_result": null
      },
      {
        "hashed_secret": "6cf9dda72f16335fe182333e39481ecef68f7c44",
        "is_secret": false,
        "is_verified": false,
        "line_number": 88107,
        "type": "Secret Keyword",
        "verified_result": null
      },
      {
        "hashed_secret": "11bc875955b79696da587217133162c13a265308",
        "is_secret": false,
        "is_verified": false,
        "line_number": 90455,
        "type": "Secret Keyword",
        "verified_result": null
      },
      {
        "hashed_secret": "e4f84c010a2d35e1f949a2aa76f67e4fe95af64d",
        "is_secret": false,
        "is_verified": false,
        "line_number": 95717,
        "type": "Secret Keyword",
        "verified_result": null
      },
      {
        "hashed_secret": "73a228262288da593c500ed2578d1c009a4076b3",
        "is_secret": false,
        "is_verified": false,
        "line_number": 103764,
        "type": "Secret Keyword",
        "verified_result": null
      },
      {
        "hashed_secret": "70a818e077c67519b94363c172605fd21b082339",
        "is_secret": false,
        "is_verified": false,
        "line_number": 106688,
        "type": "Secret Keyword",
        "verified_result": null
      },
      {
        "hashed_secret": "51e2152c281bf42624672985d7644184a7e2eabc",
        "is_secret": false,
        "is_verified": false,
        "line_number": 107070,
        "type": "Secret Keyword",
        "verified_result": null
      },
      {
        "hashed_secret": "e01e0f0a49436a8879feafc0886065e6c2161446",
        "is_secret": false,
        "is_verified": false,
        "line_number": 108693,
        "type": "Secret Keyword",
        "verified_result": null
      },
      {
        "hashed_secret": "58007f66fe40453c78ae4e88a3605c9551948a8e",
        "is_secret": false,
        "is_verified": false,
        "line_number": 111853,
        "type": "Secret Keyword",
        "verified_result": null
      },
      {
        "hashed_secret": "d0293a64575f6ae02e193ce8404f6e7392dfdaa5",
        "is_secret": false,
        "is_verified": false,
        "line_number": 119272,
        "type": "Secret Keyword",
        "verified_result": null
      },
      {
        "hashed_secret": "67c7f94652bd3144128aab71af00d155b7a42652",
        "is_secret": false,
        "is_verified": false,
        "line_number": 123247,
        "type": "Secret Keyword",
        "verified_result": null
      },
      {
        "hashed_secret": "8b48b9c4dd05bac7d99bd9e7cd34b33769829b42",
        "is_secret": false,
        "is_verified": false,
        "line_number": 135936,
        "type": "Secret Keyword",
        "verified_result": null
      },
      {
        "hashed_secret": "e7f5376756f51c5f4e099dd6d111baaa22841509",
        "is_secret": false,
        "is_verified": false,
        "line_number": 143362,
        "type": "Secret Keyword",
        "verified_result": null
      },
      {
        "hashed_secret": "a973cdfca14f85c646f6f246f80eee602256cfed",
        "is_secret": false,
        "is_verified": false,
        "line_number": 168669,
        "type": "Secret Keyword",
        "verified_result": null
      },
      {
        "hashed_secret": "9d8244ba671b69b9eab6e85aa07dad430d472821",
        "is_secret": false,
        "is_verified": false,
        "line_number": 169699,
        "type": "Secret Keyword",
        "verified_result": null
      },
      {
        "hashed_secret": "c9608fb97d85f1f278c4c54423b98b6e04ad9375",
        "is_secret": false,
        "is_verified": false,
        "line_number": 170295,
        "type": "Secret Keyword",
        "verified_result": null
      },
      {
        "hashed_secret": "f4d1eb0a9338e59ce7d5f7221c8cdad899df299f",
        "is_secret": false,
        "is_verified": false,
        "line_number": 171794,
        "type": "Secret Keyword",
        "verified_result": null
      },
      {
        "hashed_secret": "25ef4cb5aa3ee16a8f2180f7e12a3e33054996f1",
        "is_secret": false,
        "is_verified": false,
        "line_number": 176077,
        "type": "Secret Keyword",
        "verified_result": null
      },
      {
        "hashed_secret": "e9ab41aeaf36bae4e8aebe6b08b8612dd92c5eea",
        "is_secret": false,
        "is_verified": false,
        "line_number": 196587,
        "type": "Secret Keyword",
        "verified_result": null
      },
      {
        "hashed_secret": "ce9f928f8f65b76b6b7e95742e60c6c5bad0876a",
        "is_secret": false,
        "is_verified": false,
        "line_number": 235864,
        "type": "Secret Keyword",
        "verified_result": null
      },
      {
        "hashed_secret": "fffea3ea78ae62d04aae1b9e67793102a65cd403",
        "is_secret": false,
        "is_verified": false,
        "line_number": 248240,
        "type": "Secret Keyword",
        "verified_result": null
      }
    ],
    "preprocessing/ray/tokenizer/pretrained_tokenizers/tokens_252k_u64/tokenizer.json": [
      {
        "hashed_secret": "01db567633b98f6d3ea91ed1d26d9d0b668a663f",
        "is_secret": false,
        "is_verified": false,
        "line_number": 3392,
        "type": "Secret Keyword",
        "verified_result": null
      },
      {
        "hashed_secret": "0adab91e21b78a61b75c38696bd30307103b0f6c",
        "is_secret": false,
        "is_verified": false,
        "line_number": 4356,
        "type": "Secret Keyword",
        "verified_result": null
      },
      {
        "hashed_secret": "e1a1ea9b03ca5ef9281c34370996216254cf1444",
        "is_secret": false,
        "is_verified": false,
        "line_number": 4579,
        "type": "Secret Keyword",
        "verified_result": null
      },
      {
        "hashed_secret": "a8ad209e9a50a344c694bf926257d172a6bb34a9",
        "is_secret": false,
        "is_verified": false,
        "line_number": 7707,
        "type": "Secret Keyword",
        "verified_result": null
      },
      {
        "hashed_secret": "c25233472e643b4957779681578a36aa778cdb98",
        "is_secret": false,
        "is_verified": false,
        "line_number": 8203,
        "type": "Secret Keyword",
        "verified_result": null
      },
      {
        "hashed_secret": "eb0666b0dfb9f3219096f4e6c54b3d99bbca0cb0",
        "is_secret": false,
        "is_verified": false,
        "line_number": 9258,
        "type": "Secret Keyword",
        "verified_result": null
      },
      {
        "hashed_secret": "6672d517dc9e9c93ef0e12ea2615f71c36abba5b",
        "is_secret": false,
        "is_verified": false,
        "line_number": 12012,
        "type": "Secret Keyword",
        "verified_result": null
      },
      {
        "hashed_secret": "d658406804c453885b2de4a941b641e341f23103",
        "is_secret": false,
        "is_verified": false,
        "line_number": 15623,
        "type": "Secret Keyword",
        "verified_result": null
      },
      {
        "hashed_secret": "def6ceee696c063ae40035a1099bcc8e04c9b331",
        "is_secret": false,
        "is_verified": false,
        "line_number": 15626,
        "type": "Secret Keyword",
        "verified_result": null
      },
      {
        "hashed_secret": "098990b8bd6963217f20177d635e843f4848cd43",
        "is_secret": false,
        "is_verified": false,
        "line_number": 18793,
        "type": "Secret Keyword",
        "verified_result": null
      },
      {
        "hashed_secret": "59394fb1a158ce0663bd00dbfc9b1a06112c1815",
        "is_secret": false,
        "is_verified": false,
        "line_number": 20636,
        "type": "Secret Keyword",
        "verified_result": null
      },
      {
        "hashed_secret": "b4ecd016f2b66bc2cc1a24adaf1c95113cc67450",
        "is_secret": false,
        "is_verified": false,
        "line_number": 21834,
        "type": "Secret Keyword",
        "verified_result": null
      },
      {
        "hashed_secret": "dc7eaf0b68f387bb5ac800d9ebde45a09efa5e96",
        "is_secret": false,
        "is_verified": false,
        "line_number": 22873,
        "type": "Secret Keyword",
        "verified_result": null
      },
      {
        "hashed_secret": "bdea1f789a2064b9245789249267873874648b0f",
        "is_secret": false,
        "is_verified": false,
        "line_number": 23109,
        "type": "Secret Keyword",
        "verified_result": null
      },
      {
        "hashed_secret": "657527cf2cc7149988c743a81232908c0c1c6490",
        "is_secret": false,
        "is_verified": false,
        "line_number": 24327,
        "type": "Secret Keyword",
        "verified_result": null
      },
      {
        "hashed_secret": "f75898c855720220b3a4c84345ede609a0983a65",
        "is_secret": false,
        "is_verified": false,
        "line_number": 27202,
        "type": "Secret Keyword",
        "verified_result": null
      },
      {
        "hashed_secret": "f6af5039b8535bedba6aff9b5de967df0df7e7a3",
        "is_secret": false,
        "is_verified": false,
        "line_number": 28079,
        "type": "Secret Keyword",
        "verified_result": null
      },
      {
        "hashed_secret": "418ec5d5680985ad2ec27db9c9700156a90616b6",
        "is_secret": false,
        "is_verified": false,
        "line_number": 28510,
        "type": "Secret Keyword",
        "verified_result": null
      },
      {
        "hashed_secret": "161fe3c4258a78c7e3f039c64b084bf5719b2bd7",
        "is_secret": false,
        "is_verified": false,
        "line_number": 34206,
        "type": "Secret Keyword",
        "verified_result": null
      },
      {
        "hashed_secret": "52d21f8888f1aef0fb4886397c9f68c7e8e108bd",
        "is_secret": false,
        "is_verified": false,
        "line_number": 35825,
        "type": "Secret Keyword",
        "verified_result": null
      },
      {
        "hashed_secret": "1772b60aec979cab41dcaffb75afb5c89356fa5e",
        "is_secret": false,
        "is_verified": false,
        "line_number": 41383,
        "type": "Secret Keyword",
        "verified_result": null
      },
      {
        "hashed_secret": "0e4581b37729504dddcae4851c53bb2543394272",
        "is_secret": false,
        "is_verified": false,
        "line_number": 47616,
        "type": "Secret Keyword",
        "verified_result": null
      },
      {
        "hashed_secret": "a7a2e6619e86257b0ea17b628f58c1ff8e528472",
        "is_secret": false,
        "is_verified": false,
        "line_number": 49571,
        "type": "Secret Keyword",
        "verified_result": null
      },
      {
        "hashed_secret": "d01bb30e3034b62894c9cdbb0ccf0020f5a78916",
        "is_secret": false,
        "is_verified": false,
        "line_number": 51707,
        "type": "Secret Keyword",
        "verified_result": null
      },
      {
        "hashed_secret": "9fa05bea905aba01acfcc9934fc35a99b344e0c4",
        "is_secret": false,
        "is_verified": false,
        "line_number": 59679,
        "type": "Secret Keyword",
        "verified_result": null
      },
      {
        "hashed_secret": "40435e1be3aa9c3017bff2c14164d2f6650a8d87",
        "is_secret": false,
        "is_verified": false,
        "line_number": 61428,
        "type": "Secret Keyword",
        "verified_result": null
      },
      {
        "hashed_secret": "017494a4bf8b572394ca58ad01beaf5c9e8b7ac3",
        "is_secret": false,
        "is_verified": false,
        "line_number": 61942,
        "type": "Secret Keyword",
        "verified_result": null
      },
      {
        "hashed_secret": "a92b672cd97cabc417c92334f8a874e3309a7fe0",
        "is_secret": false,
        "is_verified": false,
        "line_number": 62683,
        "type": "Secret Keyword",
        "verified_result": null
      },
      {
        "hashed_secret": "de7458efbcf4b0b54921140372d3f95cd9ac8850",
        "is_secret": false,
        "is_verified": false,
        "line_number": 63646,
        "type": "Secret Keyword",
        "verified_result": null
      },
      {
        "hashed_secret": "3e5563966399bd84aa618a4ed230d88080ee3660",
        "is_secret": false,
        "is_verified": false,
        "line_number": 71753,
        "type": "Secret Keyword",
        "verified_result": null
      },
      {
        "hashed_secret": "e8aea9150f8208ba588404e53bdb2f59ac6f7654",
        "is_secret": false,
        "is_verified": false,
        "line_number": 74171,
        "type": "Secret Keyword",
        "verified_result": null
      },
      {
        "hashed_secret": "d5d2b15119873e2121687a0f10390aba7c6a7b48",
        "is_secret": false,
        "is_verified": false,
        "line_number": 80422,
        "type": "Secret Keyword",
        "verified_result": null
      },
      {
        "hashed_secret": "fd47daf38b889a6ae189bfd0a827c78ae91c46bf",
        "is_secret": false,
        "is_verified": false,
        "line_number": 90392,
        "type": "Secret Keyword",
        "verified_result": null
      },
      {
        "hashed_secret": "87852b786b63d81190a7bf4ad541dd89ca00f0ec",
        "is_secret": false,
        "is_verified": false,
        "line_number": 91317,
        "type": "Secret Keyword",
        "verified_result": null
      },
      {
        "hashed_secret": "5799414dd993f20471cae4d743fca2834e2da26f",
        "is_secret": false,
        "is_verified": false,
        "line_number": 97915,
        "type": "Secret Keyword",
        "verified_result": null
      },
      {
        "hashed_secret": "1254452691207530a010752e3180337d085b218a",
        "is_secret": false,
        "is_verified": false,
        "line_number": 102765,
        "type": "Secret Keyword",
        "verified_result": null
      },
      {
        "hashed_secret": "72becc5170475c19c54cc1340ee71ef8e58db3d8",
        "is_secret": false,
        "is_verified": false,
        "line_number": 104490,
        "type": "Secret Keyword",
        "verified_result": null
      },
      {
        "hashed_secret": "6737ef2e007bb68b6fbf549735e4ea28c9d623e5",
        "is_secret": false,
        "is_verified": false,
        "line_number": 110842,
        "type": "Secret Keyword",
        "verified_result": null
      },
      {
        "hashed_secret": "8374c2f7f8dbcabbb14ef8c0694e1b17c5fc8156",
        "is_secret": false,
        "is_verified": false,
        "line_number": 110856,
        "type": "Secret Keyword",
        "verified_result": null
      },
      {
        "hashed_secret": "dac25ed336a79e28bc3400b93283629f2c1b2d9c",
        "is_secret": false,
        "is_verified": false,
        "line_number": 115475,
        "type": "Secret Keyword",
        "verified_result": null
      },
      {
        "hashed_secret": "9f2f9216f9eba5bff0b621ed3ad912514f2ba1e9",
        "is_secret": false,
        "is_verified": false,
        "line_number": 128563,
        "type": "Secret Keyword",
        "verified_result": null
      },
      {
        "hashed_secret": "f288f618278b2713db146d45a39824dc8bdb5c87",
        "is_secret": false,
        "is_verified": false,
        "line_number": 133145,
        "type": "Secret Keyword",
        "verified_result": null
      },
      {
        "hashed_secret": "18d5e0d3339f195bd34c69599210dfc18b96cece",
        "is_secret": false,
        "is_verified": false,
        "line_number": 147894,
        "type": "Secret Keyword",
        "verified_result": null
      },
      {
        "hashed_secret": "f3137580c7a638bc6d68b5c2aefcd1a08d68c6ef",
        "is_secret": false,
        "is_verified": false,
        "line_number": 151370,
        "type": "Secret Keyword",
        "verified_result": null
      },
      {
        "hashed_secret": "36098677f87019cfe6d67ee53d45adfa9b045bb8",
        "is_secret": false,
        "is_verified": false,
        "line_number": 165747,
        "type": "Secret Keyword",
        "verified_result": null
      },
      {
        "hashed_secret": "a0269322371aba7f77e672396fffa89eb848f9d9",
        "is_secret": false,
        "is_verified": false,
        "line_number": 170916,
        "type": "Secret Keyword",
        "verified_result": null
      },
      {
        "hashed_secret": "838fff338adb5316626fefc0e7d8f9a92410811a",
        "is_secret": false,
        "is_verified": false,
        "line_number": 184996,
        "type": "Secret Keyword",
        "verified_result": null
      },
      {
        "hashed_secret": "ab1d27cb4fa6426f42932c4053c459cc7f591767",
        "is_secret": false,
        "is_verified": false,
        "line_number": 185711,
        "type": "Secret Keyword",
        "verified_result": null
      },
      {
        "hashed_secret": "3ebba5d5a35847bb37d2e215fda2a4e18c0d93d1",
        "is_secret": false,
        "is_verified": false,
        "line_number": 197209,
        "type": "Secret Keyword",
        "verified_result": null
      },
      {
        "hashed_secret": "eb2d314dc7a90b604ce27cbf90f68f9cfbfd0a01",
        "is_secret": false,
        "is_verified": false,
        "line_number": 204290,
        "type": "Secret Keyword",
        "verified_result": null
      },
      {
        "hashed_secret": "a78350d3b0f5f2b4289b87bb24d49f574f96cf57",
        "is_secret": false,
        "is_verified": false,
        "line_number": 208341,
        "type": "Secret Keyword",
        "verified_result": null
      },
      {
        "hashed_secret": "91d67c344b29522b613fbb3bd849066f3d52972c",
        "is_secret": false,
        "is_verified": false,
        "line_number": 224758,
        "type": "Secret Keyword",
        "verified_result": null
      },
      {
        "hashed_secret": "4c1322c722c1394f93a1d3fc9f28ed3e11688abe",
        "is_secret": false,
        "is_verified": false,
        "line_number": 233407,
        "type": "Secret Keyword",
        "verified_result": null
      },
      {
        "hashed_secret": "405c81992e5d95ab230c71a0cd1fb976ed3a2340",
        "is_secret": false,
        "is_verified": false,
        "line_number": 238902,
        "type": "Secret Keyword",
        "verified_result": null
      },
      {
        "hashed_secret": "4252c1a0a151aeb23a235d0688a6509ff9e1112f",
        "is_secret": false,
        "is_verified": false,
        "line_number": 239895,
        "type": "Secret Keyword",
        "verified_result": null
      },
      {
        "hashed_secret": "394f28745cc4992d8d43dd5f788c3366535226e3",
        "is_secret": false,
        "is_verified": false,
        "line_number": 243179,
        "type": "Hex High Entropy String",
        "verified_result": null
      },
      {
        "hashed_secret": "27687dbc5d491f6186f63e504df8a8485cfc8c30",
        "is_secret": false,
        "is_verified": false,
        "line_number": 243200,
        "type": "Secret Keyword",
        "verified_result": null
      },
      {
        "hashed_secret": "216b662c04187b56236b279ed7a73e0b8fb807ee",
        "is_secret": false,
        "is_verified": false,
        "line_number": 243390,
        "type": "Secret Keyword",
        "verified_result": null
      },
      {
        "hashed_secret": "a7a40e89176b85d26c7f9338c1dd7840691340d4",
        "is_secret": false,
        "is_verified": false,
        "line_number": 248061,
        "type": "Secret Keyword",
        "verified_result": null
      }
    ],
    "preprocessing/ray/tokenizer/pretrained_tokenizers/tokens_252k_u64/vocab.json": [
      {
        "hashed_secret": "01db567633b98f6d3ea91ed1d26d9d0b668a663f",
        "is_secret": false,
        "is_verified": false,
        "line_number": 3351,
        "type": "Secret Keyword",
        "verified_result": null
      },
      {
        "hashed_secret": "0adab91e21b78a61b75c38696bd30307103b0f6c",
        "is_secret": false,
        "is_verified": false,
        "line_number": 4315,
        "type": "Secret Keyword",
        "verified_result": null
      },
      {
        "hashed_secret": "e1a1ea9b03ca5ef9281c34370996216254cf1444",
        "is_secret": false,
        "is_verified": false,
        "line_number": 4538,
        "type": "Secret Keyword",
        "verified_result": null
      },
      {
        "hashed_secret": "a8ad209e9a50a344c694bf926257d172a6bb34a9",
        "is_secret": false,
        "is_verified": false,
        "line_number": 7666,
        "type": "Secret Keyword",
        "verified_result": null
      },
      {
        "hashed_secret": "c25233472e643b4957779681578a36aa778cdb98",
        "is_secret": false,
        "is_verified": false,
        "line_number": 8162,
        "type": "Secret Keyword",
        "verified_result": null
      },
      {
        "hashed_secret": "eb0666b0dfb9f3219096f4e6c54b3d99bbca0cb0",
        "is_secret": false,
        "is_verified": false,
        "line_number": 9217,
        "type": "Secret Keyword",
        "verified_result": null
      },
      {
        "hashed_secret": "6672d517dc9e9c93ef0e12ea2615f71c36abba5b",
        "is_secret": false,
        "is_verified": false,
        "line_number": 11971,
        "type": "Secret Keyword",
        "verified_result": null
      },
      {
        "hashed_secret": "d658406804c453885b2de4a941b641e341f23103",
        "is_secret": false,
        "is_verified": false,
        "line_number": 15582,
        "type": "Secret Keyword",
        "verified_result": null
      },
      {
        "hashed_secret": "def6ceee696c063ae40035a1099bcc8e04c9b331",
        "is_secret": false,
        "is_verified": false,
        "line_number": 15585,
        "type": "Secret Keyword",
        "verified_result": null
      },
      {
        "hashed_secret": "098990b8bd6963217f20177d635e843f4848cd43",
        "is_secret": false,
        "is_verified": false,
        "line_number": 18752,
        "type": "Secret Keyword",
        "verified_result": null
      },
      {
        "hashed_secret": "59394fb1a158ce0663bd00dbfc9b1a06112c1815",
        "is_secret": false,
        "is_verified": false,
        "line_number": 20595,
        "type": "Secret Keyword",
        "verified_result": null
      },
      {
        "hashed_secret": "b4ecd016f2b66bc2cc1a24adaf1c95113cc67450",
        "is_secret": false,
        "is_verified": false,
        "line_number": 21793,
        "type": "Secret Keyword",
        "verified_result": null
      },
      {
        "hashed_secret": "dc7eaf0b68f387bb5ac800d9ebde45a09efa5e96",
        "is_secret": false,
        "is_verified": false,
        "line_number": 22832,
        "type": "Secret Keyword",
        "verified_result": null
      },
      {
        "hashed_secret": "bdea1f789a2064b9245789249267873874648b0f",
        "is_secret": false,
        "is_verified": false,
        "line_number": 23068,
        "type": "Secret Keyword",
        "verified_result": null
      },
      {
        "hashed_secret": "657527cf2cc7149988c743a81232908c0c1c6490",
        "is_secret": false,
        "is_verified": false,
        "line_number": 24286,
        "type": "Secret Keyword",
        "verified_result": null
      },
      {
        "hashed_secret": "f75898c855720220b3a4c84345ede609a0983a65",
        "is_secret": false,
        "is_verified": false,
        "line_number": 27161,
        "type": "Secret Keyword",
        "verified_result": null
      },
      {
        "hashed_secret": "f6af5039b8535bedba6aff9b5de967df0df7e7a3",
        "is_secret": false,
        "is_verified": false,
        "line_number": 28038,
        "type": "Secret Keyword",
        "verified_result": null
      },
      {
        "hashed_secret": "418ec5d5680985ad2ec27db9c9700156a90616b6",
        "is_secret": false,
        "is_verified": false,
        "line_number": 28469,
        "type": "Secret Keyword",
        "verified_result": null
      },
      {
        "hashed_secret": "161fe3c4258a78c7e3f039c64b084bf5719b2bd7",
        "is_secret": false,
        "is_verified": false,
        "line_number": 34165,
        "type": "Secret Keyword",
        "verified_result": null
      },
      {
        "hashed_secret": "52d21f8888f1aef0fb4886397c9f68c7e8e108bd",
        "is_secret": false,
        "is_verified": false,
        "line_number": 35784,
        "type": "Secret Keyword",
        "verified_result": null
      },
      {
        "hashed_secret": "1772b60aec979cab41dcaffb75afb5c89356fa5e",
        "is_secret": false,
        "is_verified": false,
        "line_number": 41342,
        "type": "Secret Keyword",
        "verified_result": null
      },
      {
        "hashed_secret": "0e4581b37729504dddcae4851c53bb2543394272",
        "is_secret": false,
        "is_verified": false,
        "line_number": 47575,
        "type": "Secret Keyword",
        "verified_result": null
      },
      {
        "hashed_secret": "a7a2e6619e86257b0ea17b628f58c1ff8e528472",
        "is_secret": false,
        "is_verified": false,
        "line_number": 49530,
        "type": "Secret Keyword",
        "verified_result": null
      },
      {
        "hashed_secret": "d01bb30e3034b62894c9cdbb0ccf0020f5a78916",
        "is_secret": false,
        "is_verified": false,
        "line_number": 51666,
        "type": "Secret Keyword",
        "verified_result": null
      },
      {
        "hashed_secret": "9fa05bea905aba01acfcc9934fc35a99b344e0c4",
        "is_secret": false,
        "is_verified": false,
        "line_number": 59638,
        "type": "Secret Keyword",
        "verified_result": null
      },
      {
        "hashed_secret": "40435e1be3aa9c3017bff2c14164d2f6650a8d87",
        "is_secret": false,
        "is_verified": false,
        "line_number": 61387,
        "type": "Secret Keyword",
        "verified_result": null
      },
      {
        "hashed_secret": "017494a4bf8b572394ca58ad01beaf5c9e8b7ac3",
        "is_secret": false,
        "is_verified": false,
        "line_number": 61901,
        "type": "Secret Keyword",
        "verified_result": null
      },
      {
        "hashed_secret": "a92b672cd97cabc417c92334f8a874e3309a7fe0",
        "is_secret": false,
        "is_verified": false,
        "line_number": 62642,
        "type": "Secret Keyword",
        "verified_result": null
      },
      {
        "hashed_secret": "de7458efbcf4b0b54921140372d3f95cd9ac8850",
        "is_secret": false,
        "is_verified": false,
        "line_number": 63605,
        "type": "Secret Keyword",
        "verified_result": null
      },
      {
        "hashed_secret": "3e5563966399bd84aa618a4ed230d88080ee3660",
        "is_secret": false,
        "is_verified": false,
        "line_number": 71712,
        "type": "Secret Keyword",
        "verified_result": null
      },
      {
        "hashed_secret": "e8aea9150f8208ba588404e53bdb2f59ac6f7654",
        "is_secret": false,
        "is_verified": false,
        "line_number": 74130,
        "type": "Secret Keyword",
        "verified_result": null
      },
      {
        "hashed_secret": "d5d2b15119873e2121687a0f10390aba7c6a7b48",
        "is_secret": false,
        "is_verified": false,
        "line_number": 80381,
        "type": "Secret Keyword",
        "verified_result": null
      },
      {
        "hashed_secret": "fd47daf38b889a6ae189bfd0a827c78ae91c46bf",
        "is_secret": false,
        "is_verified": false,
        "line_number": 90351,
        "type": "Secret Keyword",
        "verified_result": null
      },
      {
        "hashed_secret": "87852b786b63d81190a7bf4ad541dd89ca00f0ec",
        "is_secret": false,
        "is_verified": false,
        "line_number": 91276,
        "type": "Secret Keyword",
        "verified_result": null
      },
      {
        "hashed_secret": "5799414dd993f20471cae4d743fca2834e2da26f",
        "is_secret": false,
        "is_verified": false,
        "line_number": 97874,
        "type": "Secret Keyword",
        "verified_result": null
      },
      {
        "hashed_secret": "1254452691207530a010752e3180337d085b218a",
        "is_secret": false,
        "is_verified": false,
        "line_number": 102724,
        "type": "Secret Keyword",
        "verified_result": null
      },
      {
        "hashed_secret": "72becc5170475c19c54cc1340ee71ef8e58db3d8",
        "is_secret": false,
        "is_verified": false,
        "line_number": 104449,
        "type": "Secret Keyword",
        "verified_result": null
      },
      {
        "hashed_secret": "6737ef2e007bb68b6fbf549735e4ea28c9d623e5",
        "is_secret": false,
        "is_verified": false,
        "line_number": 110801,
        "type": "Secret Keyword",
        "verified_result": null
      },
      {
        "hashed_secret": "8374c2f7f8dbcabbb14ef8c0694e1b17c5fc8156",
        "is_secret": false,
        "is_verified": false,
        "line_number": 110815,
        "type": "Secret Keyword",
        "verified_result": null
      },
      {
        "hashed_secret": "dac25ed336a79e28bc3400b93283629f2c1b2d9c",
        "is_secret": false,
        "is_verified": false,
        "line_number": 115434,
        "type": "Secret Keyword",
        "verified_result": null
      },
      {
        "hashed_secret": "9f2f9216f9eba5bff0b621ed3ad912514f2ba1e9",
        "is_secret": false,
        "is_verified": false,
        "line_number": 128522,
        "type": "Secret Keyword",
        "verified_result": null
      },
      {
        "hashed_secret": "f288f618278b2713db146d45a39824dc8bdb5c87",
        "is_secret": false,
        "is_verified": false,
        "line_number": 133104,
        "type": "Secret Keyword",
        "verified_result": null
      },
      {
        "hashed_secret": "18d5e0d3339f195bd34c69599210dfc18b96cece",
        "is_secret": false,
        "is_verified": false,
        "line_number": 147853,
        "type": "Secret Keyword",
        "verified_result": null
      },
      {
        "hashed_secret": "f3137580c7a638bc6d68b5c2aefcd1a08d68c6ef",
        "is_secret": false,
        "is_verified": false,
        "line_number": 151329,
        "type": "Secret Keyword",
        "verified_result": null
      },
      {
        "hashed_secret": "36098677f87019cfe6d67ee53d45adfa9b045bb8",
        "is_secret": false,
        "is_verified": false,
        "line_number": 165706,
        "type": "Secret Keyword",
        "verified_result": null
      },
      {
        "hashed_secret": "a0269322371aba7f77e672396fffa89eb848f9d9",
        "is_secret": false,
        "is_verified": false,
        "line_number": 170875,
        "type": "Secret Keyword",
        "verified_result": null
      },
      {
        "hashed_secret": "838fff338adb5316626fefc0e7d8f9a92410811a",
        "is_secret": false,
        "is_verified": false,
        "line_number": 184955,
        "type": "Secret Keyword",
        "verified_result": null
      },
      {
        "hashed_secret": "ab1d27cb4fa6426f42932c4053c459cc7f591767",
        "is_secret": false,
        "is_verified": false,
        "line_number": 185670,
        "type": "Secret Keyword",
        "verified_result": null
      },
      {
        "hashed_secret": "3ebba5d5a35847bb37d2e215fda2a4e18c0d93d1",
        "is_secret": false,
        "is_verified": false,
        "line_number": 197168,
        "type": "Secret Keyword",
        "verified_result": null
      },
      {
        "hashed_secret": "eb2d314dc7a90b604ce27cbf90f68f9cfbfd0a01",
        "is_secret": false,
        "is_verified": false,
        "line_number": 204249,
        "type": "Secret Keyword",
        "verified_result": null
      },
      {
        "hashed_secret": "a78350d3b0f5f2b4289b87bb24d49f574f96cf57",
        "is_secret": false,
        "is_verified": false,
        "line_number": 208300,
        "type": "Secret Keyword",
        "verified_result": null
      },
      {
        "hashed_secret": "91d67c344b29522b613fbb3bd849066f3d52972c",
        "is_secret": false,
        "is_verified": false,
        "line_number": 224717,
        "type": "Secret Keyword",
        "verified_result": null
      },
      {
        "hashed_secret": "4c1322c722c1394f93a1d3fc9f28ed3e11688abe",
        "is_secret": false,
        "is_verified": false,
        "line_number": 233366,
        "type": "Secret Keyword",
        "verified_result": null
      },
      {
        "hashed_secret": "405c81992e5d95ab230c71a0cd1fb976ed3a2340",
        "is_secret": false,
        "is_verified": false,
        "line_number": 238861,
        "type": "Secret Keyword",
        "verified_result": null
      },
      {
        "hashed_secret": "4252c1a0a151aeb23a235d0688a6509ff9e1112f",
        "is_secret": false,
        "is_verified": false,
        "line_number": 239854,
        "type": "Secret Keyword",
        "verified_result": null
      },
      {
        "hashed_secret": "394f28745cc4992d8d43dd5f788c3366535226e3",
        "is_secret": false,
        "is_verified": false,
        "line_number": 243138,
        "type": "Hex High Entropy String",
        "verified_result": null
      },
      {
        "hashed_secret": "27687dbc5d491f6186f63e504df8a8485cfc8c30",
        "is_secret": false,
        "is_verified": false,
        "line_number": 243159,
        "type": "Secret Keyword",
        "verified_result": null
      },
      {
        "hashed_secret": "216b662c04187b56236b279ed7a73e0b8fb807ee",
        "is_secret": false,
        "is_verified": false,
        "line_number": 243349,
        "type": "Secret Keyword",
        "verified_result": null
      },
      {
        "hashed_secret": "a7a40e89176b85d26c7f9338c1dd7840691340d4",
        "is_secret": false,
        "is_verified": false,
        "line_number": 248020,
        "type": "Secret Keyword",
        "verified_result": null
      }
    ],
    "preprocessing/ray/tokenizer/pretrained_tokenizers/tokens_50k/tokenizer.json": [
      {
        "hashed_secret": "9d631a2f66caa23b37b1421de49feef7fa9ff8d1",
        "is_secret": false,
        "is_verified": false,
        "line_number": 4642,
        "type": "Secret Keyword",
        "verified_result": null
      },
      {
        "hashed_secret": "c734de8f2d56dbc879523fd4d8fc2c5aa809ede9",
        "is_secret": false,
        "is_verified": false,
        "line_number": 5065,
        "type": "Secret Keyword",
        "verified_result": null
      },
      {
        "hashed_secret": "0cffb61b4fe0231e350b1be255a87333e461ec79",
        "is_secret": false,
        "is_verified": false,
        "line_number": 5804,
        "type": "Secret Keyword",
        "verified_result": null
      },
      {
        "hashed_secret": "6efc1f0f03b22a26b4094ce620653a063865d4cb",
        "is_secret": false,
        "is_verified": false,
        "line_number": 6138,
        "type": "Secret Keyword",
        "verified_result": null
      },
      {
        "hashed_secret": "c1f7f62484a3071d923a9bdeab903ecd055f22e5",
        "is_secret": false,
        "is_verified": false,
        "line_number": 6581,
        "type": "Secret Keyword",
        "verified_result": null
      },
      {
        "hashed_secret": "22a1c3073ffb0feed015a51bc30f1f693b84a0e4",
        "is_secret": false,
        "is_verified": false,
        "line_number": 14653,
        "type": "Secret Keyword",
        "verified_result": null
      },
      {
        "hashed_secret": "5f4487431b42780e62980533dac2bd409e3d2ab5",
        "is_secret": false,
        "is_verified": false,
        "line_number": 15435,
        "type": "Secret Keyword",
        "verified_result": null
      },
      {
        "hashed_secret": "44094f530163670dc58ff676a9b7974aca5c25b9",
        "is_secret": false,
        "is_verified": false,
        "line_number": 17243,
        "type": "Secret Keyword",
        "verified_result": null
      },
      {
        "hashed_secret": "1e23e25fee3bdb953ab4fd1150a517bd101f6e7d",
        "is_secret": false,
        "is_verified": false,
        "line_number": 18732,
        "type": "Secret Keyword",
        "verified_result": null
      },
      {
        "hashed_secret": "bfd8b347c98d173726bb7ec74701c3e338ac8c40",
        "is_secret": false,
        "is_verified": false,
        "line_number": 19242,
        "type": "Secret Keyword",
        "verified_result": null
      },
      {
        "hashed_secret": "a5059fc5da090c76aa39c9dbd7992325387d4c43",
        "is_secret": false,
        "is_verified": false,
        "line_number": 20186,
        "type": "Secret Keyword",
        "verified_result": null
      },
      {
        "hashed_secret": "eca1b28017d0b6084d0dc9c34676d9e301d93397",
        "is_secret": false,
        "is_verified": false,
        "line_number": 21713,
        "type": "Secret Keyword",
        "verified_result": null
      },
      {
        "hashed_secret": "32ddf13bf56b4e0acb43f360d0dd9c8828e75aca",
        "is_secret": false,
        "is_verified": false,
        "line_number": 21807,
        "type": "Secret Keyword",
        "verified_result": null
      },
      {
        "hashed_secret": "75b6fe2d8ad91f35162cd46ca5414e147f49e6a4",
        "is_secret": false,
        "is_verified": false,
        "line_number": 23298,
        "type": "Secret Keyword",
        "verified_result": null
      },
      {
        "hashed_secret": "73983fd549c4fda4ee3963a10ffa93dfd6a1fc67",
        "is_secret": false,
        "is_verified": false,
        "line_number": 27335,
        "type": "Secret Keyword",
        "verified_result": null
      },
      {
        "hashed_secret": "6b2c789637e94b95130b077bd82d5eea3057c8a6",
        "is_secret": false,
        "is_verified": false,
        "line_number": 28466,
        "type": "Secret Keyword",
        "verified_result": null
      },
      {
        "hashed_secret": "c19728cf38c6f5cafd74ae6c4e2e9a1820438224",
        "is_secret": false,
        "is_verified": false,
        "line_number": 28467,
        "type": "Secret Keyword",
        "verified_result": null
      },
      {
        "hashed_secret": "8781d39547f62cafc20708406a8503b93b908028",
        "is_secret": false,
        "is_verified": false,
        "line_number": 33414,
        "type": "Secret Keyword",
        "verified_result": null
      },
      {
        "hashed_secret": "ec3f5e4df823887125e4348c2c4837776ff9f1d7",
        "is_secret": false,
        "is_verified": false,
        "line_number": 40970,
        "type": "Secret Keyword",
        "verified_result": null
      }
    ],
    "preprocessing/ray/tokenizer/pretrained_tokenizers/tokens_50k/vocab.json": [
      {
        "hashed_secret": "9d631a2f66caa23b37b1421de49feef7fa9ff8d1",
        "is_secret": false,
        "is_verified": false,
        "line_number": 4601,
        "type": "Secret Keyword",
        "verified_result": null
      },
      {
        "hashed_secret": "c734de8f2d56dbc879523fd4d8fc2c5aa809ede9",
        "is_secret": false,
        "is_verified": false,
        "line_number": 5024,
        "type": "Secret Keyword",
        "verified_result": null
      },
      {
        "hashed_secret": "0cffb61b4fe0231e350b1be255a87333e461ec79",
        "is_secret": false,
        "is_verified": false,
        "line_number": 5763,
        "type": "Secret Keyword",
        "verified_result": null
      },
      {
        "hashed_secret": "6efc1f0f03b22a26b4094ce620653a063865d4cb",
        "is_secret": false,
        "is_verified": false,
        "line_number": 6097,
        "type": "Secret Keyword",
        "verified_result": null
      },
      {
        "hashed_secret": "c1f7f62484a3071d923a9bdeab903ecd055f22e5",
        "is_secret": false,
        "is_verified": false,
        "line_number": 6540,
        "type": "Secret Keyword",
        "verified_result": null
      },
      {
        "hashed_secret": "22a1c3073ffb0feed015a51bc30f1f693b84a0e4",
        "is_secret": false,
        "is_verified": false,
        "line_number": 14612,
        "type": "Secret Keyword",
        "verified_result": null
      },
      {
        "hashed_secret": "5f4487431b42780e62980533dac2bd409e3d2ab5",
        "is_secret": false,
        "is_verified": false,
        "line_number": 15394,
        "type": "Secret Keyword",
        "verified_result": null
      },
      {
        "hashed_secret": "44094f530163670dc58ff676a9b7974aca5c25b9",
        "is_secret": false,
        "is_verified": false,
        "line_number": 17202,
        "type": "Secret Keyword",
        "verified_result": null
      },
      {
        "hashed_secret": "1e23e25fee3bdb953ab4fd1150a517bd101f6e7d",
        "is_secret": false,
        "is_verified": false,
        "line_number": 18691,
        "type": "Secret Keyword",
        "verified_result": null
      },
      {
        "hashed_secret": "bfd8b347c98d173726bb7ec74701c3e338ac8c40",
        "is_secret": false,
        "is_verified": false,
        "line_number": 19201,
        "type": "Secret Keyword",
        "verified_result": null
      },
      {
        "hashed_secret": "a5059fc5da090c76aa39c9dbd7992325387d4c43",
        "is_secret": false,
        "is_verified": false,
        "line_number": 20145,
        "type": "Secret Keyword",
        "verified_result": null
      },
      {
        "hashed_secret": "eca1b28017d0b6084d0dc9c34676d9e301d93397",
        "is_secret": false,
        "is_verified": false,
        "line_number": 21672,
        "type": "Secret Keyword",
        "verified_result": null
      },
      {
        "hashed_secret": "32ddf13bf56b4e0acb43f360d0dd9c8828e75aca",
        "is_secret": false,
        "is_verified": false,
        "line_number": 21766,
        "type": "Secret Keyword",
        "verified_result": null
      },
      {
        "hashed_secret": "75b6fe2d8ad91f35162cd46ca5414e147f49e6a4",
        "is_secret": false,
        "is_verified": false,
        "line_number": 23257,
        "type": "Secret Keyword",
        "verified_result": null
      },
      {
        "hashed_secret": "73983fd549c4fda4ee3963a10ffa93dfd6a1fc67",
        "is_secret": false,
        "is_verified": false,
        "line_number": 27294,
        "type": "Secret Keyword",
        "verified_result": null
      },
      {
        "hashed_secret": "6b2c789637e94b95130b077bd82d5eea3057c8a6",
        "is_secret": false,
        "is_verified": false,
        "line_number": 28425,
        "type": "Secret Keyword",
        "verified_result": null
      },
      {
        "hashed_secret": "c19728cf38c6f5cafd74ae6c4e2e9a1820438224",
        "is_secret": false,
        "is_verified": false,
        "line_number": 28426,
        "type": "Secret Keyword",
        "verified_result": null
      },
      {
        "hashed_secret": "8781d39547f62cafc20708406a8503b93b908028",
        "is_secret": false,
        "is_verified": false,
        "line_number": 33373,
        "type": "Secret Keyword",
        "verified_result": null
      },
      {
        "hashed_secret": "ec3f5e4df823887125e4348c2c4837776ff9f1d7",
        "is_secret": false,
        "is_verified": false,
        "line_number": 40929,
        "type": "Secret Keyword",
        "verified_result": null
      }
    ],
    "preprocessing/ray/tokenizer/src/utils/Config_Pile.py": [
      {
        "hashed_secret": "25ff9f06485d5f1c7da61d1c147e8601c675c221",
        "is_secret": false,
        "is_verified": false,
        "line_number": 76,
        "type": "Base64 High Entropy String",
        "verified_result": null
      },
      {
        "hashed_secret": "58a2acee3db53ef95045bd4ee5cbdbf649a293b6",
        "is_secret": false,
        "is_verified": false,
        "line_number": 77,
        "type": "Base64 High Entropy String",
        "verified_result": null
      },
      {
        "hashed_secret": "c5a119d069b2328140ee8dc3dae064383ea347bb",
        "is_secret": false,
        "is_verified": false,
        "line_number": 78,
        "type": "Base64 High Entropy String",
        "verified_result": null
      },
      {
        "hashed_secret": "4cfcdd68bcf9ac8e7157d8daf2bb1ffcdd8d2a9c",
        "is_secret": false,
        "is_verified": false,
        "line_number": 79,
        "type": "Base64 High Entropy String",
        "verified_result": null
      },
      {
        "hashed_secret": "cf2aba3c0dc3a96d2e03358be557b6d5d4b19734",
        "is_secret": false,
        "is_verified": false,
        "line_number": 80,
        "type": "Base64 High Entropy String",
        "verified_result": null
      },
      {
        "hashed_secret": "d79981c4fb4dcab05674fcf3e52e4221f72fdfc7",
        "is_secret": false,
        "is_verified": false,
        "line_number": 81,
        "type": "Base64 High Entropy String",
        "verified_result": null
      }
    ],
    "preprocessing/rhods/python/language_id_nos3fs/debug_cos.py": [
      {
        "hashed_secret": "5b1694db8a295bc36866909098bdb5e9136fcfdd",
        "is_secret": false,
        "is_verified": false,
        "line_number": 16,
        "type": "Hex High Entropy String",
        "verified_result": null
      },
      {
        "hashed_secret": "f81bcbb1529c5b337f562296122491be117ce0a5",
        "is_secret": false,
        "is_verified": false,
        "line_number": 17,
        "type": "Hex High Entropy String",
        "verified_result": null
      }
    ],
    "preprocessing/spark/blacklist_filter/src/app_config.py": [
      {
        "hashed_secret": "bc9d52b1b6f75191237b34c37bf33ed199df9bf9",
        "is_secret": false,
        "is_verified": false,
        "line_number": 53,
        "type": "Secret Keyword",
        "verified_result": null
      }
    ],
    "preprocessing/spark/dedup_filter/exact_dedup_filter/src/app_config.py": [
      {
        "hashed_secret": "bc9d52b1b6f75191237b34c37bf33ed199df9bf9",
        "is_secret": false,
        "is_verified": false,
        "line_number": 53,
        "type": "Secret Keyword",
        "verified_result": null
      }
    ],
    "preprocessing/spark/dedup_filter/sha2_dedup_filter/src/app_config.py": [
      {
        "hashed_secret": "bc9d52b1b6f75191237b34c37bf33ed199df9bf9",
        "is_secret": false,
        "is_verified": false,
        "line_number": 53,
        "type": "Secret Keyword",
        "verified_result": null
      }
    ],
    "preprocessing/spark/hap_filter/src/app_config.py": [
      {
        "hashed_secret": "bc9d52b1b6f75191237b34c37bf33ed199df9bf9",
        "is_secret": false,
        "is_verified": false,
        "line_number": 53,
        "type": "Secret Keyword",
        "verified_result": null
      }
    ],
    "preprocessing/spark/language_identification/fasttext/src/app_config.py": [
      {
        "hashed_secret": "bc9d52b1b6f75191237b34c37bf33ed199df9bf9",
        "is_secret": false,
        "is_verified": false,
        "line_number": 53,
        "type": "Secret Keyword",
        "verified_result": null
      }
    ],
    "preprocessing/spark/sentence_split/src/app_config.py": [
      {
        "hashed_secret": "bc9d52b1b6f75191237b34c37bf33ed199df9bf9",
        "is_secret": false,
        "is_verified": false,
        "line_number": 53,
        "type": "Secret Keyword",
        "verified_result": null
      }
    ],
    "tools/scripts/appwrapper-rayjob-k8s-native/generate-appwrapper.sh": [
      {
        "hashed_secret": "d7b2395928cdeab0c621b5344e8a0576dfae6fcb",
        "is_secret": false,
        "is_verified": false,
        "line_number": 74,
        "type": "Secret Keyword",
        "verified_result": null
      }
    ],
    "tools/scripts/appwrapper-rayjob-k8s-native/generate-priority-appwrapper.sh": [
      {
        "hashed_secret": "d7b2395928cdeab0c621b5344e8a0576dfae6fcb",
        "is_secret": false,
        "is_verified": false,
        "line_number": 87,
        "type": "Secret Keyword",
        "verified_result": null
      }
    ]
  },
  "version": "0.13.1+ibm.60.dss",
  "word_list": {
    "file": null,
    "hash": null
  }
}
